--------------------------------------------------------------------------------
Release 14.7 Trace  (nt64)
Copyright (c) 1995-2013 Xilinx, Inc.  All rights reserved.

C:\Xilinx\14.7\ISE_DS\ISE\bin\nt64\unwrapped\trce.exe -intstyle ise -v 3 -s 3
-n 3 -fastpaths -xml CLLAAdderM.twx CLLAAdderM.ncd -o CLLAAdderM.twr
CLLAAdderM.pcf -ucf CLAAAdderM.ucf

Design file:              CLLAAdderM.ncd
Physical constraint file: CLLAAdderM.pcf
Device,package,speed:     xc6slx16,csg324,C,-3 (PRODUCTION 1.23 2013-10-13)
Report level:             verbose report

Environment Variable      Effect 
--------------------      ------ 
NONE                      No environment variables were set
--------------------------------------------------------------------------------

INFO:Timing:2698 - No timing constraints found, doing default enumeration.
INFO:Timing:3412 - To improve timing, see the Timing Closure User Guide (UG612).
INFO:Timing:2752 - To get complete path coverage, use the unconstrained paths 
   option. All paths that are not constrained will be reported in the 
   unconstrained paths section(s) of the report.
INFO:Timing:3339 - The clock-to-out numbers in this timing report are based on 
   a 50 Ohm transmission line loading model.  For the details of this model, 
   and for more information on accounting for different loading conditions, 
   please see the device datasheet.



Data Sheet report:
-----------------
All values displayed in nanoseconds (ns)

Pad to Pad
---------------+---------------+---------+
Source Pad     |Destination Pad|  Delay  |
---------------+---------------+---------+
A<0>           |Cout           |    8.507|
A<0>           |F<0>           |    7.510|
A<0>           |F<1>           |    7.209|
A<0>           |F<2>           |    7.334|
A<0>           |F<3>           |    7.788|
A<1>           |Cout           |    8.241|
A<1>           |F<1>           |    6.943|
A<1>           |F<2>           |    6.870|
A<1>           |F<3>           |    7.522|
A<2>           |Cout           |    7.468|
A<2>           |F<2>           |    7.249|
A<2>           |F<3>           |    6.749|
A<3>           |Cout           |    8.295|
A<3>           |F<3>           |    7.576|
B<0>           |Cout           |    8.665|
B<0>           |F<0>           |    7.138|
B<0>           |F<1>           |    7.367|
B<0>           |F<2>           |    7.265|
B<0>           |F<3>           |    7.946|
B<1>           |Cout           |    8.517|
B<1>           |F<1>           |    7.219|
B<1>           |F<2>           |    7.209|
B<1>           |F<3>           |    7.798|
B<2>           |Cout           |    7.782|
B<2>           |F<2>           |    7.343|
B<2>           |F<3>           |    7.063|
B<3>           |Cout           |    8.163|
B<3>           |F<3>           |    7.444|
Cin            |Cout           |   12.389|
Cin            |F<0>           |   10.966|
Cin            |F<1>           |   11.091|
Cin            |F<2>           |   11.004|
Cin            |F<3>           |   11.670|
---------------+---------------+---------+


Analysis completed Fri Apr 20 15:35:25 2018 
--------------------------------------------------------------------------------

Trace Settings:
-------------------------
Trace Settings 

Peak Memory Usage: 223 MB



